c:\users\user\source\repos\persona battle\persona battle\debug\vc145.pdb
c:\users\user\source\repos\persona battle\persona battle\debug\vc145.idb
c:\users\user\source\repos\persona battle\persona battle\debug\sprite.obj
c:\users\user\source\repos\persona battle\persona battle\debug\sound.obj
c:\users\user\source\repos\persona battle\persona battle\debug\player.obj
c:\users\user\source\repos\persona battle\persona battle\debug\persona.obj
c:\users\user\source\repos\persona battle\persona battle\debug\main.obj
c:\users\user\source\repos\persona battle\persona battle\debug\input.obj
c:\users\user\source\repos\persona battle\persona battle\debug\game.obj
c:\users\user\source\repos\persona battle\persona battle\debug\persona battle.ilk
c:\users\user\source\repos\persona battle\persona battle\debug\main.obj.enc
c:\users\user\source\repos\persona battle\debug\persona battle.pdb
c:\users\user\source\repos\persona battle\persona battle\debug\persona battle.tlog\cl.command.1.tlog
c:\users\user\source\repos\persona battle\persona battle\debug\persona battle.tlog\cl.items.tlog
c:\users\user\source\repos\persona battle\persona battle\debug\persona battle.tlog\cl.read.1.tlog
c:\users\user\source\repos\persona battle\persona battle\debug\persona battle.tlog\cl.write.1.tlog
c:\users\user\source\repos\persona battle\persona battle\debug\persona battle.tlog\link-cvtres.read.1.tlog
c:\users\user\source\repos\persona battle\persona battle\debug\persona battle.tlog\link-cvtres.write.1.tlog
c:\users\user\source\repos\persona battle\persona battle\debug\persona battle.tlog\link-mt.read.1.tlog
c:\users\user\source\repos\persona battle\persona battle\debug\persona battle.tlog\link-mt.write.1.tlog
c:\users\user\source\repos\persona battle\persona battle\debug\persona battle.tlog\link-rc.read.1.tlog
c:\users\user\source\repos\persona battle\persona battle\debug\persona battle.tlog\link-rc.write.1.tlog
c:\users\user\source\repos\persona battle\persona battle\debug\persona battle.tlog\link.11880-cvtres.read.1.tlog
c:\users\user\source\repos\persona battle\persona battle\debug\persona battle.tlog\link.11880-cvtres.write.1.tlog
c:\users\user\source\repos\persona battle\persona battle\debug\persona battle.tlog\link.11880-mt.read.1.tlog
c:\users\user\source\repos\persona battle\persona battle\debug\persona battle.tlog\link.11880-mt.write.1.tlog
c:\users\user\source\repos\persona battle\persona battle\debug\persona battle.tlog\link.11880-rc.read.1.tlog
c:\users\user\source\repos\persona battle\persona battle\debug\persona battle.tlog\link.11880-rc.write.1.tlog
c:\users\user\source\repos\persona battle\persona battle\debug\persona battle.tlog\link.11880.read.1.tlog
c:\users\user\source\repos\persona battle\persona battle\debug\persona battle.tlog\link.11880.write.1.tlog
c:\users\user\source\repos\persona battle\persona battle\debug\persona battle.tlog\link.command.1.tlog
c:\users\user\source\repos\persona battle\persona battle\debug\persona battle.tlog\link.read.1.tlog
c:\users\user\source\repos\persona battle\persona battle\debug\persona battle.tlog\link.secondary.1.tlog
c:\users\user\source\repos\persona battle\persona battle\debug\persona battle.tlog\link.write.1.tlog
